[binarycart.com/bclivedemos/01-05-2014/v1/bs-binary-admin/index.html]
[backblue.gif]
[fade.gif]
[index.html]
[binarycart.com/bclivedemos/01-05-2014/v1/bs-binary-admin/assets/css/bootstrap.css]
[binarycart.com/bclivedemos/01-05-2014/v1/bs-binary-admin/assets/css/font-awesome.css]
[binarycart.com/bclivedemos/01-05-2014/v1/bs-binary-admin/assets/js/morris/morris-0.4.3.min.css]
[binarycart.com/bclivedemos/01-05-2014/v1/bs-binary-admin/assets/css/custom.css]
[binarycart.com/bclivedemos/01-05-2014/v1/bs-binary-admin/login.html]
[binarycart.com/bclivedemos/01-05-2014/v1/bs-binary-admin/assets/img/find_user.png]
[binarycart.com/bclivedemos/01-05-2014/v1/bs-binary-admin/ui.html]
[binarycart.com/bclivedemos/01-05-2014/v1/bs-binary-admin/tab-panel.html]
[binarycart.com/bclivedemos/01-05-2014/v1/bs-binary-admin/chart.html]
[binarycart.com/bclivedemos/01-05-2014/v1/bs-binary-admin/table.html]
[binarycart.com/bclivedemos/01-05-2014/v1/bs-binary-admin/form.html]
[binarycart.com/bclivedemos/01-05-2014/v1/bs-binary-admin/registeration.html]
[binarycart.com/bclivedemos/01-05-2014/v1/bs-binary-admin/blank.html]
[pagead2.googlesyndication.com/pagead/js/f.txt]
[binarycart.com/bclivedemos/01-05-2014/v1/bs-binary-admin/assets/img/1.png]
[binarycart.com/bclivedemos/01-05-2014/v1/bs-binary-admin/assets/img/2.png]
[binarycart.com/bclivedemos/01-05-2014/v1/bs-binary-admin/assets/img/3.png]
[binarycart.com/bclivedemos/01-05-2014/v1/bs-binary-admin/assets/img/4.png]
[binarycart.com/bclivedemos/01-05-2014/v1/bs-binary-admin/assets/js/bootstrap.min.js]
[binarycart.com/bclivedemos/01-05-2014/v1/bs-binary-admin/assets/js/jquery.metisMenu.js]
[binarycart.com/bclivedemos/01-05-2014/v1/bs-binary-admin/assets/js/custom.js]
[binarycart.com/bclivedemos/01-05-2014/v1/bs-binary-admin/assets/js/jquery-1.10.2.js]
[binarycart.com/bclivedemos/01-05-2014/v1/bs-binary-admin/assets/js/morris/morris.js]
[binarycart.com/bclivedemos/01-05-2014/v1/bs-binary-admin/assets/js/morris/raphael-2.1.0.min.js]
[binarycart.com/bclivedemos/01-05-2014/v1/bs-binary-admin/index.html]
[binarycart.com/bclivedemos/01-05-2014/v1/bs-binary-admin/assets/fonts/glyphicons-halflings-regular.eot]
[binarycart.com/bclivedemos/01-05-2014/v1/bs-binary-admin/assets/fonts/glyphicons-halflings-regular.woff]
[binarycart.com/bclivedemos/01-05-2014/v1/bs-binary-admin/assets/fonts/glyphicons-halflings-regulard41d.eot]
[binarycart.com/bclivedemos/01-05-2014/v1/bs-binary-admin/assets/fonts/glyphicons-halflings-regular.ttf]
[binarycart.com/bclivedemos/01-05-2014/v1/bs-binary-admin/assets/css/bootstrap.css]
[binarycart.com/bclivedemos/01-05-2014/v1/bs-binary-admin/assets/font-awesome/fonts/fontawesome-webfont78ce.eot]
[binarycart.com/bclivedemos/01-05-2014/v1/bs-binary-admin/assets/font-awesome/fonts/fontawesome-webfontd41d.eot]
[binarycart.com/bclivedemos/01-05-2014/v1/bs-binary-admin/assets/font-awesome/fonts/fontawesome-webfont78ce.woff]
[binarycart.com/bclivedemos/01-05-2014/v1/bs-binary-admin/assets/font-awesome/fonts/fontawesome-webfont78ce.ttf]
[binarycart.com/bclivedemos/01-05-2014/v1/bs-binary-admin/assets/css/font-awesome.css]
[binarycart.com/bclivedemos/01-05-2014/v1/bs-binary-admin/assets/js/morris/morris-0.4.3.min.css]
[binarycart.com/bclivedemos/01-05-2014/v1/bs-binary-admin/assets/css/custom.css]
[binarycart.com/bclivedemos/01-05-2014/v1/bs-binary-admin/login.html]
[binarycart.com/bclivedemos/01-05-2014/v1/bs-binary-admin/ui.html]
[binarycart.com/bclivedemos/01-05-2014/v1/bs-binary-admin/tab-panel.html]
[binarycart.com/bclivedemos/01-05-2014/v1/bs-binary-admin/chart.html]
[binarycart.com/bclivedemos/01-05-2014/v1/bs-binary-admin/assets/js/dataTables/dataTables.bootstrap.css]
[binarycart.com/bclivedemos/01-05-2014/v1/bs-binary-admin/table.html]
[binarycart.com/bclivedemos/01-05-2014/v1/bs-binary-admin/form.html]
[binarycart.com/bclivedemos/01-05-2014/v1/bs-binary-admin/registeration.html]
[binarycart.com/bclivedemos/01-05-2014/v1/bs-binary-admin/blank.html]
[binarycart.com/bclivedemos/01-05-2014/v1/bs-binary-admin/assets/js/dataTables/dataTables.bootstrap.js]
[binarycart.com/bclivedemos/01-05-2014/v1/bs-binary-admin/assets/fonts/glyphicons-halflings-regular.svg]
[binarycart.com/bclivedemos/01-05-2014/v1/bs-binary-admin/assets/font-awesome/fonts/fontawesome-webfont78ce.svg]
[binarycart.com/bclivedemos/01-05-2014/v1/bs-binary-admin/assets/js/dataTables/jquery.dataTables.js]
[binarycart.com/bclivedemos/01-05-2014/v1/bs-binary-admin/assets/js/dataTables/dataTables.bootstrap.css]
[binarycart.com/bclivedemos/01-05-2014/v1/bs-binary-admin/assets/js/images/sort_both.html]
[binarycart.com/bclivedemos/01-05-2014/v1/bs-binary-admin/assets/js/images/sort_asc.html]
[binarycart.com/bclivedemos/01-05-2014/v1/bs-binary-admin/assets/js/images/sort_desc.html]
[binarycart.com/bclivedemos/01-05-2014/v1/bs-binary-admin/assets/js/images/sort_asc_disabled.html]
[binarycart.com/bclivedemos/01-05-2014/v1/bs-binary-admin/assets/js/images/sort_desc_disabled.html]
[www.google-analytics.com/analytics.js]
